<generatedTop>
  <k>
    exit_0
  </k>
  <entrypoint>
    64'0
  </entrypoint>
  <exitpoint>
    64'35
  </exitpoint>
  <functargets>
    stdout |-> ptr ( symloc ( 5 , 0 , 5 , 8 , 0 ) , 64'1 )
  </functargets>
  <rotargets>
    .Map
  </rotargets>
  <datatargets>
    .Map
  </datatargets>
  <bsstargets>
    .Map
  </bsstargets>
  <nextLocPc>
    64'8
  </nextLocPc>
  <lastseenlabel>
    .
  </lastseenlabel>
  <currentsection>
    "text"
  </currentsection>
  <memstate>
    <text>
      code ( 16'3888 |-> execinstr ( wrmsr .Operands )
      16'3890 |-> execinstr ( rdmsr .Operands )
      40'790273982464 |-> execinstr ( movl $ 0x0 , %eax , .Operands )
      40'796716433600 |-> execinstr ( movl $ 0xc0000080 , %ecx , .Operands )
      40'798863917056 |-> execinstr ( movl $ 0x0 , %edx , .Operands )
      56'3100781704183808 |-> execinstr ( orl $ 0x100 , %eax , .Operands )
      56'3118373890228224 |-> execinstr ( orl $ 0x100 , %edx , .Operands ) )
    </text>
    <stack>
      <memory>
        <nextLoc>
          6
        </nextLoc>
        <objects>
          mem ( loc ( 0 , 1 , 8 , 0 ) |-> byte ( 0 , 40'796716433600 )
          loc ( 1 , 1 , 8 , 0 ) |-> byte ( 1 , 40'796716433600 )
          loc ( 2 , 1 , 8 , 0 ) |-> byte ( 2 , 40'796716433600 )
          loc ( 3 , 1 , 8 , 0 ) |-> byte ( 3 , 40'796716433600 )
          loc ( 4 , 1 , 8 , 0 ) |-> byte ( 4 , 40'796716433600 )
          loc ( 5 , 1 , 8 , 0 ) |-> byte ( 0 , 16'3890 )
          loc ( 6 , 1 , 8 , 0 ) |-> byte ( 1 , 16'3890 )
          loc ( 7 , 1 , 8 , 0 ) |-> byte ( 0 , 56'3100781704183808 )
          loc ( 8 , 1 , 8 , 0 ) |-> byte ( 1 , 56'3100781704183808 )
          loc ( 9 , 1 , 8 , 0 ) |-> byte ( 2 , 56'3100781704183808 )
          loc ( 10 , 1 , 8 , 0 ) |-> byte ( 3 , 56'3100781704183808 )
          loc ( 11 , 1 , 8 , 0 ) |-> byte ( 4 , 56'3100781704183808 )
          loc ( 12 , 1 , 8 , 0 ) |-> byte ( 5 , 56'3100781704183808 )
          loc ( 13 , 1 , 8 , 0 ) |-> byte ( 6 , 56'3100781704183808 )
          loc ( 14 , 1 , 8 , 0 ) |-> byte ( 0 , 56'3118373890228224 )
          loc ( 15 , 1 , 8 , 0 ) |-> byte ( 1 , 56'3118373890228224 )
          loc ( 16 , 1 , 8 , 0 ) |-> byte ( 2 , 56'3118373890228224 )
          loc ( 17 , 1 , 8 , 0 ) |-> byte ( 3 , 56'3118373890228224 )
          loc ( 18 , 1 , 8 , 0 ) |-> byte ( 4 , 56'3118373890228224 )
          loc ( 19 , 1 , 8 , 0 ) |-> byte ( 5 , 56'3118373890228224 )
          loc ( 20 , 1 , 8 , 0 ) |-> byte ( 6 , 56'3118373890228224 )
          loc ( 21 , 1 , 8 , 0 ) |-> byte ( 0 , 16'3888 )
          loc ( 22 , 1 , 8 , 0 ) |-> byte ( 1 , 16'3888 )
          loc ( 23 , 1 , 8 , 0 ) |-> byte ( 0 , 40'790273982464 )
          loc ( 24 , 1 , 8 , 0 ) |-> byte ( 1 , 40'790273982464 )
          loc ( 25 , 1 , 8 , 0 ) |-> byte ( 2 , 40'790273982464 )
          loc ( 26 , 1 , 8 , 0 ) |-> byte ( 3 , 40'790273982464 )
          loc ( 27 , 1 , 8 , 0 ) |-> byte ( 4 , 40'790273982464 )
          loc ( 28 , 1 , 8 , 0 ) |-> byte ( 0 , 40'798863917056 )
          loc ( 29 , 1 , 8 , 0 ) |-> byte ( 1 , 40'798863917056 )
          loc ( 30 , 1 , 8 , 0 ) |-> byte ( 2 , 40'798863917056 )
          loc ( 31 , 1 , 8 , 0 ) |-> byte ( 3 , 40'798863917056 )
          loc ( 32 , 1 , 8 , 0 ) |-> byte ( 4 , 40'798863917056 )
          loc ( 33 , 1 , 8 , 0 ) |-> byte ( 0 , 16'3890 )
          loc ( 34 , 1 , 8 , 0 ) |-> byte ( 1 , 16'3890 )
          symloc ( 1 , 128 , 1024 , 8 , 1016 ) |-> byte ( 0 , 64'-1 )
          symloc ( 1 , 128 , 1024 , 8 , 1017 ) |-> byte ( 1 , 64'-1 )
          symloc ( 1 , 128 , 1024 , 8 , 1018 ) |-> byte ( 2 , 64'-1 )
          symloc ( 1 , 128 , 1024 , 8 , 1019 ) |-> byte ( 3 , 64'-1 )
          symloc ( 1 , 128 , 1024 , 8 , 1020 ) |-> byte ( 4 , 64'-1 )
          symloc ( 1 , 128 , 1024 , 8 , 1021 ) |-> byte ( 5 , 64'-1 )
          symloc ( 1 , 128 , 1024 , 8 , 1022 ) |-> byte ( 6 , 64'-1 )
          symloc ( 1 , 128 , 1024 , 8 , 1023 ) |-> byte ( 7 , 64'-1 )
          symloc ( 5 , 0 , 5 , 8 , 1 ) |-> byte ( 0 , 32'1 )
          symloc ( 5 , 0 , 5 , 8 , 2 ) |-> byte ( 1 , 32'1 )
          symloc ( 5 , 0 , 5 , 8 , 3 ) |-> byte ( 2 , 32'1 )
          symloc ( 5 , 0 , 5 , 8 , 4 ) |-> byte ( 3 , 32'1 ) )
        </objects>
        <freed>
          .Set
        </freed>
      </memory>
      <stackbase>
        stackBaseInfo ( symloc ( 1 , 128 , 1024 , 8 , 0 ) , 64'1016 )
      </stackbase>
      <robase>
        roBaseInfo ( symloc ( 2 , 128 , 256 , 8 , 0 ) , 64'0 , 64'0 )
      </robase>
      <database>
        dataBaseInfo ( symloc ( 3 , 128 , 256 , 8 , 0 ) , 64'0 , 64'0 )
      </database>
      <bssbase>
        bssBaseInfo ( symloc ( 4 , 128 , 256 , 8 , 0 ) , 64'0 , 64'0 )
      </bssbase>
    </stack>
  </memstate>
  <environment>
    <argc>
      .
    </argc>
    <argv>
      64'1024
    </argv>
  </environment>
  <regstate>
    "AC" |-> 1'0
    "AF" |-> undefMInt
    "AM" |-> 1'0
    "CD" |-> 1'0
    "CF" |-> 1'0
    "CR2" |-> 32'0
    "DE" |-> 1'0
    "DF" |-> 1'0
    "EM" |-> 1'0
    "ET" |-> 1'0
    "FSGBASE" |-> 1'0
    "IA32_EFER" |-> 64'1099511628032
    "ID" |-> 1'0
    "IF" |-> 1'0
    "IOPL" |-> 2'0
    "MCE" |-> 1'0
    "MP" |-> 1'0
    "NE" |-> 1'0
    "NT" |-> 1'0
    "NW" |-> 1'0
    "OF" |-> 1'0
    "OSFXSR" |-> 1'0
    "OSXMMEXCPT" |-> 1'0
    "OSXSAVE" |-> 1'0
    "PAE" |-> 1'0
    "PCD" |-> 1'0
    "PCE" |-> 1'0
    "PCIDE" |-> 1'0
    "PE" |-> 1'0
    "PF" |-> 1'1
    "PG" |-> 1'0
    "PGE" |-> 1'0
    "PKE" |-> 1'0
    "PSE" |-> 1'0
    "PVI" |-> 1'0
    "PWT" |-> 1'0
    "PageDirectoryBase" |-> 20'0
    "R8" |-> 64'0
    "R9" |-> 64'0
    "R10" |-> 64'0
    "R11" |-> 64'0
    "R12" |-> 64'0
    "R13" |-> 64'0
    "R14" |-> 64'0
    "R15" |-> 64'0
    "RAX" |-> 64'256
    "RBP" |-> ptr ( symloc ( 1 , 128 , 1024 , 8 , 0 ) , 64'1016 )
    "RBX" |-> 64'0
    "RCX" |-> 64'3221225600
    "RDI" |-> 64'0
    "RDX" |-> 64'256
    "RF" |-> 1'0
    "RIP" |-> 64'35
    "RSI" |-> 64'0
    "RSP" |-> ptr ( symloc ( 1 , 128 , 1024 , 8 , 0 ) , 64'1016 )
    "SF" |-> 1'0
    "SMAP" |-> 1'0
    "SMEP" |-> 1'0
    "SMXE" |-> 1'0
    "TF" |-> 1'0
    "TPL" |-> 4'0
    "TS" |-> 1'0
    "TSD" |-> 1'0
    "UMIP" |-> 1'0
    "VIF" |-> 1'0
    "VIP" |-> 1'0
    "VM" |-> 1'0
    "VME" |-> 1'0
    "VMXE" |-> 1'0
    "WP" |-> 1'0
    "YMM0" |-> 256'0
    "YMM1" |-> 256'0
    "YMM2" |-> 256'0
    "YMM3" |-> 256'0
    "YMM4" |-> 256'0
    "YMM5" |-> 256'0
    "YMM6" |-> 256'0
    "YMM7" |-> 256'0
    "YMM8" |-> 256'0
    "YMM9" |-> 256'0
    "YMM10" |-> 256'0
    "YMM11" |-> 256'0
    "YMM12" |-> 256'0
    "YMM13" |-> 256'0
    "YMM14" |-> 256'0
    "YMM15" |-> 256'0
    "ZF" |-> 1'0
  </regstate>
  <msrmapping>
    32'3221225600 |-> "IA32_EFER"
  </msrmapping>
  <regstatequeue>
    ListItem ( "AC" |-> 1'0
    "AF" |-> 1'0
    "AM" |-> 1'0
    "CD" |-> 1'0
    "CF" |-> 1'0
    "CR2" |-> 32'0
    "DE" |-> 1'0
    "DF" |-> 1'0
    "EM" |-> 1'0
    "ET" |-> 1'0
    "FSGBASE" |-> 1'0
    "IA32_EFER" |-> 64'0
    "ID" |-> 1'0
    "IF" |-> 1'0
    "IOPL" |-> 2'0
    "MCE" |-> 1'0
    "MP" |-> 1'0
    "NE" |-> 1'0
    "NT" |-> 1'0
    "NW" |-> 1'0
    "OF" |-> 1'0
    "OSFXSR" |-> 1'0
    "OSXMMEXCPT" |-> 1'0
    "OSXSAVE" |-> 1'0
    "PAE" |-> 1'0
    "PCD" |-> 1'0
    "PCE" |-> 1'0
    "PCIDE" |-> 1'0
    "PE" |-> 1'0
    "PF" |-> 1'0
    "PG" |-> 1'0
    "PGE" |-> 1'0
    "PKE" |-> 1'0
    "PSE" |-> 1'0
    "PVI" |-> 1'0
    "PWT" |-> 1'0
    "PageDirectoryBase" |-> 20'0
    "R8" |-> 64'0
    "R9" |-> 64'0
    "R10" |-> 64'0
    "R11" |-> 64'0
    "R12" |-> 64'0
    "R13" |-> 64'0
    "R14" |-> 64'0
    "R15" |-> 64'0
    "RAX" |-> 64'0
    "RBP" |-> ptr ( symloc ( 1 , 128 , 1024 , 8 , 0 ) , 64'1016 )
    "RBX" |-> 64'0
    "RCX" |-> 64'0
    "RDI" |-> 64'0
    "RDX" |-> 64'0
    "RF" |-> 1'0
    "RIP" |-> 64'0
    "RSI" |-> 64'0
    "RSP" |-> ptr ( symloc ( 1 , 128 , 1024 , 8 , 0 ) , 64'1016 )
    "SF" |-> 1'0
    "SMAP" |-> 1'0
    "SMEP" |-> 1'0
    "SMXE" |-> 1'0
    "TF" |-> 1'0
    "TPL" |-> 4'0
    "TS" |-> 1'0
    "TSD" |-> 1'0
    "UMIP" |-> 1'0
    "VIF" |-> 1'0
    "VIP" |-> 1'0
    "VM" |-> 1'0
    "VME" |-> 1'0
    "VMXE" |-> 1'0
    "WP" |-> 1'0
    "YMM0" |-> 256'0
    "YMM1" |-> 256'0
    "YMM2" |-> 256'0
    "YMM3" |-> 256'0
    "YMM4" |-> 256'0
    "YMM5" |-> 256'0
    "YMM6" |-> 256'0
    "YMM7" |-> 256'0
    "YMM8" |-> 256'0
    "YMM9" |-> 256'0
    "YMM10" |-> 256'0
    "YMM11" |-> 256'0
    "YMM12" |-> 256'0
    "YMM13" |-> 256'0
    "YMM14" |-> 256'0
    "YMM15" |-> 256'0
    "ZF" |-> 1'0 )
    ListItem ( stdout |-> ptr ( symloc ( 5 , 0 , 5 , 8 , 0 ) , 64'1 ) )
    ListItem ( "AC" |-> 1'0
    "AF" |-> 1'0
    "AM" |-> 1'0
    "CD" |-> 1'0
    "CF" |-> 1'0
    "CR2" |-> 32'0
    "DE" |-> 1'0
    "DF" |-> 1'0
    "EM" |-> 1'0
    "ET" |-> 1'0
    "FSGBASE" |-> 1'0
    "IA32_EFER" |-> 64'0
    "ID" |-> 1'0
    "IF" |-> 1'0
    "IOPL" |-> 2'0
    "MCE" |-> 1'0
    "MP" |-> 1'0
    "NE" |-> 1'0
    "NT" |-> 1'0
    "NW" |-> 1'0
    "OF" |-> 1'0
    "OSFXSR" |-> 1'0
    "OSXMMEXCPT" |-> 1'0
    "OSXSAVE" |-> 1'0
    "PAE" |-> 1'0
    "PCD" |-> 1'0
    "PCE" |-> 1'0
    "PCIDE" |-> 1'0
    "PE" |-> 1'0
    "PF" |-> 1'0
    "PG" |-> 1'0
    "PGE" |-> 1'0
    "PKE" |-> 1'0
    "PSE" |-> 1'0
    "PVI" |-> 1'0
    "PWT" |-> 1'0
    "PageDirectoryBase" |-> 20'0
    "R8" |-> 64'0
    "R9" |-> 64'0
    "R10" |-> 64'0
    "R11" |-> 64'0
    "R12" |-> 64'0
    "R13" |-> 64'0
    "R14" |-> 64'0
    "R15" |-> 64'0
    "RAX" |-> 64'0
    "RBP" |-> ptr ( symloc ( 1 , 128 , 1024 , 8 , 0 ) , 64'1016 )
    "RBX" |-> 64'0
    "RCX" |-> 64'3221225600
    "RDI" |-> 64'0
    "RDX" |-> 64'0
    "RF" |-> 1'0
    "RIP" |-> 64'5
    "RSI" |-> 64'0
    "RSP" |-> ptr ( symloc ( 1 , 128 , 1024 , 8 , 0 ) , 64'1016 )
    "SF" |-> 1'0
    "SMAP" |-> 1'0
    "SMEP" |-> 1'0
    "SMXE" |-> 1'0
    "TF" |-> 1'0
    "TPL" |-> 4'0
    "TS" |-> 1'0
    "TSD" |-> 1'0
    "UMIP" |-> 1'0
    "VIF" |-> 1'0
    "VIP" |-> 1'0
    "VM" |-> 1'0
    "VME" |-> 1'0
    "VMXE" |-> 1'0
    "WP" |-> 1'0
    "YMM0" |-> 256'0
    "YMM1" |-> 256'0
    "YMM2" |-> 256'0
    "YMM3" |-> 256'0
    "YMM4" |-> 256'0
    "YMM5" |-> 256'0
    "YMM6" |-> 256'0
    "YMM7" |-> 256'0
    "YMM8" |-> 256'0
    "YMM9" |-> 256'0
    "YMM10" |-> 256'0
    "YMM11" |-> 256'0
    "YMM12" |-> 256'0
    "YMM13" |-> 256'0
    "YMM14" |-> 256'0
    "YMM15" |-> 256'0
    "ZF" |-> 1'0 )
    ListItem ( stdout |-> ptr ( symloc ( 5 , 0 , 5 , 8 , 0 ) , 64'1 ) )
    ListItem ( "AC" |-> 1'0
    "AF" |-> 1'0
    "AM" |-> 1'0
    "CD" |-> 1'0
    "CF" |-> 1'0
    "CR2" |-> 32'0
    "DE" |-> 1'0
    "DF" |-> 1'0
    "EM" |-> 1'0
    "ET" |-> 1'0
    "FSGBASE" |-> 1'0
    "IA32_EFER" |-> 64'0
    "ID" |-> 1'0
    "IF" |-> 1'0
    "IOPL" |-> 2'0
    "MCE" |-> 1'0
    "MP" |-> 1'0
    "NE" |-> 1'0
    "NT" |-> 1'0
    "NW" |-> 1'0
    "OF" |-> 1'0
    "OSFXSR" |-> 1'0
    "OSXMMEXCPT" |-> 1'0
    "OSXSAVE" |-> 1'0
    "PAE" |-> 1'0
    "PCD" |-> 1'0
    "PCE" |-> 1'0
    "PCIDE" |-> 1'0
    "PE" |-> 1'0
    "PF" |-> 1'0
    "PG" |-> 1'0
    "PGE" |-> 1'0
    "PKE" |-> 1'0
    "PSE" |-> 1'0
    "PVI" |-> 1'0
    "PWT" |-> 1'0
    "PageDirectoryBase" |-> 20'0
    "R8" |-> 64'0
    "R9" |-> 64'0
    "R10" |-> 64'0
    "R11" |-> 64'0
    "R12" |-> 64'0
    "R13" |-> 64'0
    "R14" |-> 64'0
    "R15" |-> 64'0
    "RAX" |-> 64'0
    "RBP" |-> ptr ( symloc ( 1 , 128 , 1024 , 8 , 0 ) , 64'1016 )
    "RBX" |-> 64'0
    "RCX" |-> 64'3221225600
    "RDI" |-> 64'0
    "RDX" |-> 64'0
    "RF" |-> 1'0
    "RIP" |-> 64'7
    "RSI" |-> 64'0
    "RSP" |-> ptr ( symloc ( 1 , 128 , 1024 , 8 , 0 ) , 64'1016 )
    "SF" |-> 1'0
    "SMAP" |-> 1'0
    "SMEP" |-> 1'0
    "SMXE" |-> 1'0
    "TF" |-> 1'0
    "TPL" |-> 4'0
    "TS" |-> 1'0
    "TSD" |-> 1'0
    "UMIP" |-> 1'0
    "VIF" |-> 1'0
    "VIP" |-> 1'0
    "VM" |-> 1'0
    "VME" |-> 1'0
    "VMXE" |-> 1'0
    "WP" |-> 1'0
    "YMM0" |-> 256'0
    "YMM1" |-> 256'0
    "YMM2" |-> 256'0
    "YMM3" |-> 256'0
    "YMM4" |-> 256'0
    "YMM5" |-> 256'0
    "YMM6" |-> 256'0
    "YMM7" |-> 256'0
    "YMM8" |-> 256'0
    "YMM9" |-> 256'0
    "YMM10" |-> 256'0
    "YMM11" |-> 256'0
    "YMM12" |-> 256'0
    "YMM13" |-> 256'0
    "YMM14" |-> 256'0
    "YMM15" |-> 256'0
    "ZF" |-> 1'0 )
    ListItem ( stdout |-> ptr ( symloc ( 5 , 0 , 5 , 8 , 0 ) , 64'1 ) )
    ListItem ( "AC" |-> 1'0
    "AF" |-> undefMInt
    "AM" |-> 1'0
    "CD" |-> 1'0
    "CF" |-> 1'0
    "CR2" |-> 32'0
    "DE" |-> 1'0
    "DF" |-> 1'0
    "EM" |-> 1'0
    "ET" |-> 1'0
    "FSGBASE" |-> 1'0
    "IA32_EFER" |-> 64'0
    "ID" |-> 1'0
    "IF" |-> 1'0
    "IOPL" |-> 2'0
    "MCE" |-> 1'0
    "MP" |-> 1'0
    "NE" |-> 1'0
    "NT" |-> 1'0
    "NW" |-> 1'0
    "OF" |-> 1'0
    "OSFXSR" |-> 1'0
    "OSXMMEXCPT" |-> 1'0
    "OSXSAVE" |-> 1'0
    "PAE" |-> 1'0
    "PCD" |-> 1'0
    "PCE" |-> 1'0
    "PCIDE" |-> 1'0
    "PE" |-> 1'0
    "PF" |-> 1'1
    "PG" |-> 1'0
    "PGE" |-> 1'0
    "PKE" |-> 1'0
    "PSE" |-> 1'0
    "PVI" |-> 1'0
    "PWT" |-> 1'0
    "PageDirectoryBase" |-> 20'0
    "R8" |-> 64'0
    "R9" |-> 64'0
    "R10" |-> 64'0
    "R11" |-> 64'0
    "R12" |-> 64'0
    "R13" |-> 64'0
    "R14" |-> 64'0
    "R15" |-> 64'0
    "RAX" |-> 64'256
    "RBP" |-> ptr ( symloc ( 1 , 128 , 1024 , 8 , 0 ) , 64'1016 )
    "RBX" |-> 64'0
    "RCX" |-> 64'3221225600
    "RDI" |-> 64'0
    "RDX" |-> 64'0
    "RF" |-> 1'0
    "RIP" |-> 64'14
    "RSI" |-> 64'0
    "RSP" |-> ptr ( symloc ( 1 , 128 , 1024 , 8 , 0 ) , 64'1016 )
    "SF" |-> 1'0
    "SMAP" |-> 1'0
    "SMEP" |-> 1'0
    "SMXE" |-> 1'0
    "TF" |-> 1'0
    "TPL" |-> 4'0
    "TS" |-> 1'0
    "TSD" |-> 1'0
    "UMIP" |-> 1'0
    "VIF" |-> 1'0
    "VIP" |-> 1'0
    "VM" |-> 1'0
    "VME" |-> 1'0
    "VMXE" |-> 1'0
    "WP" |-> 1'0
    "YMM0" |-> 256'0
    "YMM1" |-> 256'0
    "YMM2" |-> 256'0
    "YMM3" |-> 256'0
    "YMM4" |-> 256'0
    "YMM5" |-> 256'0
    "YMM6" |-> 256'0
    "YMM7" |-> 256'0
    "YMM8" |-> 256'0
    "YMM9" |-> 256'0
    "YMM10" |-> 256'0
    "YMM11" |-> 256'0
    "YMM12" |-> 256'0
    "YMM13" |-> 256'0
    "YMM14" |-> 256'0
    "YMM15" |-> 256'0
    "ZF" |-> 1'0 )
    ListItem ( stdout |-> ptr ( symloc ( 5 , 0 , 5 , 8 , 0 ) , 64'1 ) )
    ListItem ( "AC" |-> 1'0
    "AF" |-> undefMInt
    "AM" |-> 1'0
    "CD" |-> 1'0
    "CF" |-> 1'0
    "CR2" |-> 32'0
    "DE" |-> 1'0
    "DF" |-> 1'0
    "EM" |-> 1'0
    "ET" |-> 1'0
    "FSGBASE" |-> 1'0
    "IA32_EFER" |-> 64'0
    "ID" |-> 1'0
    "IF" |-> 1'0
    "IOPL" |-> 2'0
    "MCE" |-> 1'0
    "MP" |-> 1'0
    "NE" |-> 1'0
    "NT" |-> 1'0
    "NW" |-> 1'0
    "OF" |-> 1'0
    "OSFXSR" |-> 1'0
    "OSXMMEXCPT" |-> 1'0
    "OSXSAVE" |-> 1'0
    "PAE" |-> 1'0
    "PCD" |-> 1'0
    "PCE" |-> 1'0
    "PCIDE" |-> 1'0
    "PE" |-> 1'0
    "PF" |-> 1'1
    "PG" |-> 1'0
    "PGE" |-> 1'0
    "PKE" |-> 1'0
    "PSE" |-> 1'0
    "PVI" |-> 1'0
    "PWT" |-> 1'0
    "PageDirectoryBase" |-> 20'0
    "R8" |-> 64'0
    "R9" |-> 64'0
    "R10" |-> 64'0
    "R11" |-> 64'0
    "R12" |-> 64'0
    "R13" |-> 64'0
    "R14" |-> 64'0
    "R15" |-> 64'0
    "RAX" |-> 64'256
    "RBP" |-> ptr ( symloc ( 1 , 128 , 1024 , 8 , 0 ) , 64'1016 )
    "RBX" |-> 64'0
    "RCX" |-> 64'3221225600
    "RDI" |-> 64'0
    "RDX" |-> 64'256
    "RF" |-> 1'0
    "RIP" |-> 64'21
    "RSI" |-> 64'0
    "RSP" |-> ptr ( symloc ( 1 , 128 , 1024 , 8 , 0 ) , 64'1016 )
    "SF" |-> 1'0
    "SMAP" |-> 1'0
    "SMEP" |-> 1'0
    "SMXE" |-> 1'0
    "TF" |-> 1'0
    "TPL" |-> 4'0
    "TS" |-> 1'0
    "TSD" |-> 1'0
    "UMIP" |-> 1'0
    "VIF" |-> 1'0
    "VIP" |-> 1'0
    "VM" |-> 1'0
    "VME" |-> 1'0
    "VMXE" |-> 1'0
    "WP" |-> 1'0
    "YMM0" |-> 256'0
    "YMM1" |-> 256'0
    "YMM2" |-> 256'0
    "YMM3" |-> 256'0
    "YMM4" |-> 256'0
    "YMM5" |-> 256'0
    "YMM6" |-> 256'0
    "YMM7" |-> 256'0
    "YMM8" |-> 256'0
    "YMM9" |-> 256'0
    "YMM10" |-> 256'0
    "YMM11" |-> 256'0
    "YMM12" |-> 256'0
    "YMM13" |-> 256'0
    "YMM14" |-> 256'0
    "YMM15" |-> 256'0
    "ZF" |-> 1'0 )
    ListItem ( stdout |-> ptr ( symloc ( 5 , 0 , 5 , 8 , 0 ) , 64'1 ) )
    ListItem ( "AC" |-> 1'0
    "AF" |-> undefMInt
    "AM" |-> 1'0
    "CD" |-> 1'0
    "CF" |-> 1'0
    "CR2" |-> 32'0
    "DE" |-> 1'0
    "DF" |-> 1'0
    "EM" |-> 1'0
    "ET" |-> 1'0
    "FSGBASE" |-> 1'0
    "IA32_EFER" |-> 64'1099511628032
    "ID" |-> 1'0
    "IF" |-> 1'0
    "IOPL" |-> 2'0
    "MCE" |-> 1'0
    "MP" |-> 1'0
    "NE" |-> 1'0
    "NT" |-> 1'0
    "NW" |-> 1'0
    "OF" |-> 1'0
    "OSFXSR" |-> 1'0
    "OSXMMEXCPT" |-> 1'0
    "OSXSAVE" |-> 1'0
    "PAE" |-> 1'0
    "PCD" |-> 1'0
    "PCE" |-> 1'0
    "PCIDE" |-> 1'0
    "PE" |-> 1'0
    "PF" |-> 1'1
    "PG" |-> 1'0
    "PGE" |-> 1'0
    "PKE" |-> 1'0
    "PSE" |-> 1'0
    "PVI" |-> 1'0
    "PWT" |-> 1'0
    "PageDirectoryBase" |-> 20'0
    "R8" |-> 64'0
    "R9" |-> 64'0
    "R10" |-> 64'0
    "R11" |-> 64'0
    "R12" |-> 64'0
    "R13" |-> 64'0
    "R14" |-> 64'0
    "R15" |-> 64'0
    "RAX" |-> 64'256
    "RBP" |-> ptr ( symloc ( 1 , 128 , 1024 , 8 , 0 ) , 64'1016 )
    "RBX" |-> 64'0
    "RCX" |-> 64'3221225600
    "RDI" |-> 64'0
    "RDX" |-> 64'256
    "RF" |-> 1'0
    "RIP" |-> 64'23
    "RSI" |-> 64'0
    "RSP" |-> ptr ( symloc ( 1 , 128 , 1024 , 8 , 0 ) , 64'1016 )
    "SF" |-> 1'0
    "SMAP" |-> 1'0
    "SMEP" |-> 1'0
    "SMXE" |-> 1'0
    "TF" |-> 1'0
    "TPL" |-> 4'0
    "TS" |-> 1'0
    "TSD" |-> 1'0
    "UMIP" |-> 1'0
    "VIF" |-> 1'0
    "VIP" |-> 1'0
    "VM" |-> 1'0
    "VME" |-> 1'0
    "VMXE" |-> 1'0
    "WP" |-> 1'0
    "YMM0" |-> 256'0
    "YMM1" |-> 256'0
    "YMM2" |-> 256'0
    "YMM3" |-> 256'0
    "YMM4" |-> 256'0
    "YMM5" |-> 256'0
    "YMM6" |-> 256'0
    "YMM7" |-> 256'0
    "YMM8" |-> 256'0
    "YMM9" |-> 256'0
    "YMM10" |-> 256'0
    "YMM11" |-> 256'0
    "YMM12" |-> 256'0
    "YMM13" |-> 256'0
    "YMM14" |-> 256'0
    "YMM15" |-> 256'0
    "ZF" |-> 1'0 )
    ListItem ( stdout |-> ptr ( symloc ( 5 , 0 , 5 , 8 , 0 ) , 64'1 ) )
    ListItem ( "AC" |-> 1'0
    "AF" |-> undefMInt
    "AM" |-> 1'0
    "CD" |-> 1'0
    "CF" |-> 1'0
    "CR2" |-> 32'0
    "DE" |-> 1'0
    "DF" |-> 1'0
    "EM" |-> 1'0
    "ET" |-> 1'0
    "FSGBASE" |-> 1'0
    "IA32_EFER" |-> 64'1099511628032
    "ID" |-> 1'0
    "IF" |-> 1'0
    "IOPL" |-> 2'0
    "MCE" |-> 1'0
    "MP" |-> 1'0
    "NE" |-> 1'0
    "NT" |-> 1'0
    "NW" |-> 1'0
    "OF" |-> 1'0
    "OSFXSR" |-> 1'0
    "OSXMMEXCPT" |-> 1'0
    "OSXSAVE" |-> 1'0
    "PAE" |-> 1'0
    "PCD" |-> 1'0
    "PCE" |-> 1'0
    "PCIDE" |-> 1'0
    "PE" |-> 1'0
    "PF" |-> 1'1
    "PG" |-> 1'0
    "PGE" |-> 1'0
    "PKE" |-> 1'0
    "PSE" |-> 1'0
    "PVI" |-> 1'0
    "PWT" |-> 1'0
    "PageDirectoryBase" |-> 20'0
    "R8" |-> 64'0
    "R9" |-> 64'0
    "R10" |-> 64'0
    "R11" |-> 64'0
    "R12" |-> 64'0
    "R13" |-> 64'0
    "R14" |-> 64'0
    "R15" |-> 64'0
    "RAX" |-> 64'0
    "RBP" |-> ptr ( symloc ( 1 , 128 , 1024 , 8 , 0 ) , 64'1016 )
    "RBX" |-> 64'0
    "RCX" |-> 64'3221225600
    "RDI" |-> 64'0
    "RDX" |-> 64'256
    "RF" |-> 1'0
    "RIP" |-> 64'28
    "RSI" |-> 64'0
    "RSP" |-> ptr ( symloc ( 1 , 128 , 1024 , 8 , 0 ) , 64'1016 )
    "SF" |-> 1'0
    "SMAP" |-> 1'0
    "SMEP" |-> 1'0
    "SMXE" |-> 1'0
    "TF" |-> 1'0
    "TPL" |-> 4'0
    "TS" |-> 1'0
    "TSD" |-> 1'0
    "UMIP" |-> 1'0
    "VIF" |-> 1'0
    "VIP" |-> 1'0
    "VM" |-> 1'0
    "VME" |-> 1'0
    "VMXE" |-> 1'0
    "WP" |-> 1'0
    "YMM0" |-> 256'0
    "YMM1" |-> 256'0
    "YMM2" |-> 256'0
    "YMM3" |-> 256'0
    "YMM4" |-> 256'0
    "YMM5" |-> 256'0
    "YMM6" |-> 256'0
    "YMM7" |-> 256'0
    "YMM8" |-> 256'0
    "YMM9" |-> 256'0
    "YMM10" |-> 256'0
    "YMM11" |-> 256'0
    "YMM12" |-> 256'0
    "YMM13" |-> 256'0
    "YMM14" |-> 256'0
    "YMM15" |-> 256'0
    "ZF" |-> 1'0 )
    ListItem ( stdout |-> ptr ( symloc ( 5 , 0 , 5 , 8 , 0 ) , 64'1 ) )
    ListItem ( "AC" |-> 1'0
    "AF" |-> undefMInt
    "AM" |-> 1'0
    "CD" |-> 1'0
    "CF" |-> 1'0
    "CR2" |-> 32'0
    "DE" |-> 1'0
    "DF" |-> 1'0
    "EM" |-> 1'0
    "ET" |-> 1'0
    "FSGBASE" |-> 1'0
    "IA32_EFER" |-> 64'1099511628032
    "ID" |-> 1'0
    "IF" |-> 1'0
    "IOPL" |-> 2'0
    "MCE" |-> 1'0
    "MP" |-> 1'0
    "NE" |-> 1'0
    "NT" |-> 1'0
    "NW" |-> 1'0
    "OF" |-> 1'0
    "OSFXSR" |-> 1'0
    "OSXMMEXCPT" |-> 1'0
    "OSXSAVE" |-> 1'0
    "PAE" |-> 1'0
    "PCD" |-> 1'0
    "PCE" |-> 1'0
    "PCIDE" |-> 1'0
    "PE" |-> 1'0
    "PF" |-> 1'1
    "PG" |-> 1'0
    "PGE" |-> 1'0
    "PKE" |-> 1'0
    "PSE" |-> 1'0
    "PVI" |-> 1'0
    "PWT" |-> 1'0
    "PageDirectoryBase" |-> 20'0
    "R8" |-> 64'0
    "R9" |-> 64'0
    "R10" |-> 64'0
    "R11" |-> 64'0
    "R12" |-> 64'0
    "R13" |-> 64'0
    "R14" |-> 64'0
    "R15" |-> 64'0
    "RAX" |-> 64'0
    "RBP" |-> ptr ( symloc ( 1 , 128 , 1024 , 8 , 0 ) , 64'1016 )
    "RBX" |-> 64'0
    "RCX" |-> 64'3221225600
    "RDI" |-> 64'0
    "RDX" |-> 64'0
    "RF" |-> 1'0
    "RIP" |-> 64'33
    "RSI" |-> 64'0
    "RSP" |-> ptr ( symloc ( 1 , 128 , 1024 , 8 , 0 ) , 64'1016 )
    "SF" |-> 1'0
    "SMAP" |-> 1'0
    "SMEP" |-> 1'0
    "SMXE" |-> 1'0
    "TF" |-> 1'0
    "TPL" |-> 4'0
    "TS" |-> 1'0
    "TSD" |-> 1'0
    "UMIP" |-> 1'0
    "VIF" |-> 1'0
    "VIP" |-> 1'0
    "VM" |-> 1'0
    "VME" |-> 1'0
    "VMXE" |-> 1'0
    "WP" |-> 1'0
    "YMM0" |-> 256'0
    "YMM1" |-> 256'0
    "YMM2" |-> 256'0
    "YMM3" |-> 256'0
    "YMM4" |-> 256'0
    "YMM5" |-> 256'0
    "YMM6" |-> 256'0
    "YMM7" |-> 256'0
    "YMM8" |-> 256'0
    "YMM9" |-> 256'0
    "YMM10" |-> 256'0
    "YMM11" |-> 256'0
    "YMM12" |-> 256'0
    "YMM13" |-> 256'0
    "YMM14" |-> 256'0
    "YMM15" |-> 256'0
    "ZF" |-> 1'0 )
    ListItem ( stdout |-> ptr ( symloc ( 5 , 0 , 5 , 8 , 0 ) , 64'1 ) )
    ListItem ( "AC" |-> 1'0
    "AF" |-> undefMInt
    "AM" |-> 1'0
    "CD" |-> 1'0
    "CF" |-> 1'0
    "CR2" |-> 32'0
    "DE" |-> 1'0
    "DF" |-> 1'0
    "EM" |-> 1'0
    "ET" |-> 1'0
    "FSGBASE" |-> 1'0
    "IA32_EFER" |-> 64'1099511628032
    "ID" |-> 1'0
    "IF" |-> 1'0
    "IOPL" |-> 2'0
    "MCE" |-> 1'0
    "MP" |-> 1'0
    "NE" |-> 1'0
    "NT" |-> 1'0
    "NW" |-> 1'0
    "OF" |-> 1'0
    "OSFXSR" |-> 1'0
    "OSXMMEXCPT" |-> 1'0
    "OSXSAVE" |-> 1'0
    "PAE" |-> 1'0
    "PCD" |-> 1'0
    "PCE" |-> 1'0
    "PCIDE" |-> 1'0
    "PE" |-> 1'0
    "PF" |-> 1'1
    "PG" |-> 1'0
    "PGE" |-> 1'0
    "PKE" |-> 1'0
    "PSE" |-> 1'0
    "PVI" |-> 1'0
    "PWT" |-> 1'0
    "PageDirectoryBase" |-> 20'0
    "R8" |-> 64'0
    "R9" |-> 64'0
    "R10" |-> 64'0
    "R11" |-> 64'0
    "R12" |-> 64'0
    "R13" |-> 64'0
    "R14" |-> 64'0
    "R15" |-> 64'0
    "RAX" |-> 64'256
    "RBP" |-> ptr ( symloc ( 1 , 128 , 1024 , 8 , 0 ) , 64'1016 )
    "RBX" |-> 64'0
    "RCX" |-> 64'3221225600
    "RDI" |-> 64'0
    "RDX" |-> 64'256
    "RF" |-> 1'0
    "RIP" |-> 64'35
    "RSI" |-> 64'0
    "RSP" |-> ptr ( symloc ( 1 , 128 , 1024 , 8 , 0 ) , 64'1016 )
    "SF" |-> 1'0
    "SMAP" |-> 1'0
    "SMEP" |-> 1'0
    "SMXE" |-> 1'0
    "TF" |-> 1'0
    "TPL" |-> 4'0
    "TS" |-> 1'0
    "TSD" |-> 1'0
    "UMIP" |-> 1'0
    "VIF" |-> 1'0
    "VIP" |-> 1'0
    "VM" |-> 1'0
    "VME" |-> 1'0
    "VMXE" |-> 1'0
    "WP" |-> 1'0
    "YMM0" |-> 256'0
    "YMM1" |-> 256'0
    "YMM2" |-> 256'0
    "YMM3" |-> 256'0
    "YMM4" |-> 256'0
    "YMM5" |-> 256'0
    "YMM6" |-> 256'0
    "YMM7" |-> 256'0
    "YMM8" |-> 256'0
    "YMM9" |-> 256'0
    "YMM10" |-> 256'0
    "YMM11" |-> 256'0
    "YMM12" |-> 256'0
    "YMM13" |-> 256'0
    "YMM14" |-> 256'0
    "YMM15" |-> 256'0
    "ZF" |-> 1'0 )
    ListItem ( stdout |-> ptr ( symloc ( 5 , 0 , 5 , 8 , 0 ) , 64'1 ) )
  </regstatequeue>
  <formatcountint>
    0
  </formatcountint>
  <formatcountfloat>
    0
  </formatcountfloat>
  <c-library>
    <malloced>
      .Map
    </malloced>
    <atexit>
      flush ( 1 ) ~> flush ( 2 )
    </atexit>
    <at-quick-exit>
      .
    </at-quick-exit>
    <va-lists>
      .Map
    </va-lists>
    <jmp-bufs>
      .Map
    </jmp-bufs>
    <open-files>
      SetItem ( 0 )
      SetItem ( 1 )
      SetItem ( 2 )
    </open-files>
    <files>
      <file>
        <fid>
          0
        </fid>
        <uri>
          "stdin:///"
        </uri>
        <pos>
          0
        </pos>
        <mode>
          "r"
        </mode>
        <next-byte>
          .
        </next-byte>
        <read-buffer>
          ""
        </read-buffer>
        <write-buffer>
          ""
        </write-buffer>
        <buffer-mode>
          lineBuf
        </buffer-mode>
        <buffer-size>
          8192
        </buffer-size>
        <sending>
          .List
        </sending>
        <done>
          ""
        </done>
        <feof>
          false
        </feof>
        <ferror>
          0
        </ferror>
        <last-op>
          noLastOp
        </last-op>
      </file> <file>
        <fid>
          1
        </fid>
        <uri>
          "stdout:///"
        </uri>
        <pos>
          0
        </pos>
        <mode>
          "w"
        </mode>
        <next-byte>
          .
        </next-byte>
        <read-buffer>
          ""
        </read-buffer>
        <write-buffer>
          ""
        </write-buffer>
        <buffer-mode>
          lineBuf
        </buffer-mode>
        <buffer-size>
          8192
        </buffer-size>
        <sending>
          .List
        </sending>
        <done>
          ""
        </done>
        <feof>
          false
        </feof>
        <ferror>
          0
        </ferror>
        <last-op>
          noLastOp
        </last-op>
      </file> <file>
        <fid>
          2
        </fid>
        <uri>
          "stdout:///"
        </uri>
        <pos>
          0
        </pos>
        <mode>
          "w"
        </mode>
        <next-byte>
          .
        </next-byte>
        <read-buffer>
          ""
        </read-buffer>
        <write-buffer>
          ""
        </write-buffer>
        <buffer-mode>
          noBuf
        </buffer-mode>
        <buffer-size>
          8192
        </buffer-size>
        <sending>
          .List
        </sending>
        <done>
          ""
        </done>
        <feof>
          false
        </feof>
        <ferror>
          0
        </ferror>
        <last-op>
          noLastOp
        </last-op>
      </file>
    </files>
    <input>
      .List
    </input>
    <output>
      .List
    </output>
    <strerror-cache>
      .Map
    </strerror-cache>
    <sig-handling-state>
      .
    </sig-handling-state>
    <setlocale>
      .
    </setlocale>
    <localeconv>
      .
    </localeconv>
    <getenv>
      .
    </getenv>
  </c-library>
  <formatting>
    <format>
      .List
    </format>
    <format-arg>
      .
    </format-arg>
    <format-result>
      .List
    </format-result>
    <format-state>
      "normal"
    </format-state>
    <format-pad-zero>
      false
    </format-pad-zero>
    <format-alt-form>
      false
    </format-alt-form>
    <format-field-width>
      ""
    </format-field-width>
    <format-length>
      ""
    </format-length>
    <format-precision>
      ""
    </format-precision>
    <format-matched>
      0
    </format-matched>
    <format-nread>
      0
    </format-nread>
    <format-item>
      ""
    </format-item>
  </formatting>
</generatedTop>
